// Jest Snapshot v1, https://goo.gl/fbAQLP

exports[`Render Not Found Page Correcty 1`] = `
<div>
  404! Page 
  <Link
    replace={false}
    to="/"
  >
    Go Back!
  </Link>
</div>
`;
